// Jest Snapshot v1, https://goo.gl/fbAQLP

exports[`Card should render card title 1`] = `
<button>
  button text
</button>
`;
