// Jest Snapshot v1, https://goo.gl/fbAQLP

exports[`FormContainer should render without errors 1`] = `
.c0 {
  position: relative;
}

<form
  class="c0"
  data-testid="fire-form"
>
  Some content
   
</form>
`;
