// Jest Snapshot v1, https://goo.gl/fbAQLP

exports[`ErrorCard should render without errors 1`] = `
.c0 {
  display: -webkit-box;
  display: -webkit-flex;
  display: -ms-flexbox;
  display: flex;
  -webkit-flex-direction: row;
  -ms-flex-direction: row;
  flex-direction: row;
  -webkit-box-pack: start;
  -webkit-justify-content: flex-start;
  -ms-flex-pack: start;
  justify-content: flex-start;
  border-width: 1px;
  border-style: solid;
  background: red;
  color: white;
}

.c0 > * {
  margin-right: 16px;
}

.c0 > *:last-child {
  margin-right: 0;
}

<div
  class="c0"
  data-testid="error-boundary/card"
>
  some text warning
</div>
`;
