// Jest Snapshot v1, https://goo.gl/fbAQLP

exports[`RichContent should render without errors 1`] = `
.c0 p {
  padding: 0;
  margin: 0;
}

<div>
  <div
    class="c0"
  >
    Some content 
  </div>
</div>
`;
