// Jest Snapshot v1, https://goo.gl/fbAQLP

exports[`Icon should render without errors 1`] = `
.c0::before {
  font-size: 22px;
  position: relative;
  color: #6b62b1;
  top: px;
  bottom: 1.5px;
  left: px;
  right: 1.5px;
}

<i
  class="c0 icon-rewind"
  color="#6b62b1"
  data-testid="test-icon"
  name="rewind"
  size="22"
/>
`;
