// Jest Snapshot v1, https://goo.gl/fbAQLP

exports[`Message should render without errors 1`] = `
.c2 {
  object-fit: cover;
  max-width: 100%;
  display: block;
}

.c1 {
  -webkit-align-items: center;
  -webkit-box-align: center;
  -ms-flex-align: center;
  align-items: center;
  display: -webkit-box;
  display: -webkit-flex;
  display: -ms-flexbox;
  display: flex;
  -webkit-flex: none;
  -ms-flex: none;
  flex: none;
  height: 30px;
  -webkit-box-pack: center;
  -webkit-justify-content: center;
  -ms-flex-pack: center;
  justify-content: center;
  margin: 0 auto;
  width: 30px;
  overflow: hidden;
  border-radius: 50px;
}

.c0 {
  display: -webkit-box;
  display: -webkit-flex;
  display: -ms-flexbox;
  display: flex;
  -webkit-flex-direction: row;
  -ms-flex-direction: row;
  flex-direction: row;
  -webkit-box-pack: start;
  -webkit-justify-content: flex-start;
  -ms-flex-pack: start;
  justify-content: flex-start;
  box-sizing: border-box;
  padding: 5px 8px;
}

.c0 > * {
  margin-right: 16px;
}

.c0 > *:last-child {
  margin-right: 0;
}

.c0 > * {
  margin-right: 12px;
}

.c4 {
  font-size: 8px;
  font-family: roboto;
  font-weight: bolder;
}

.c3 p {
  padding: 0;
  margin: 0;
}

<div>
  <div
    class="c0"
  >
    <div
      class="c1"
    >
      <img
        class="c2"
        src="https://i.pravatar.cc/60"
      />
    </div>
    <div
      class="c3"
    >
      <p
        class="c4"
      >
        I've been a QA engineer with comp.sci background working in many places building quality tools for over 11 years. Last year during the pandemic most of my company was fired, including myself. So, I decided to apply for a web developer role at Napster. This video was literally all I used to do the technical exam. I am now finishing my probation period! Thanks, mate!
      </p>
    </div>
  </div>
</div>
`;
