// Jest Snapshot v1, https://goo.gl/fbAQLP

exports[`Logo should render without errors 1`] = `
.c0 {
  display: -webkit-box;
  display: -webkit-flex;
  display: -ms-flexbox;
  display: flex;
  -webkit-align-items: center;
  -webkit-box-align: center;
  -ms-flex-align: center;
  align-items: center;
  -webkit-box-pack: center;
  -webkit-justify-content: center;
  -ms-flex-pack: center;
  justify-content: center;
  color: white;
  font-size: 1.1rem;
  font-weight: bolder;
}

<div
  class="c0"
>
  1 Some content 1
</div>
`;
